
> tinytools-app@0.1.0 build
> next build

Γû▓ Next.js 16.1.6 (Turbopack)
- Environments: .env.local

  Creating an optimized production build ...
node.exe : 
At line:1 char:1
+ & "C:\Program Files\nodejs/node.exe" "C:\Program Files\nodejs/node_mo ...
+ ~~~~~~~~~~~~~~~~~~~~~~~~~~~~~~~~~~~~~~~~~~~~~~~~~~~~~~~~~~~~~~~~~~~~~
    + CategoryInfo          : NotSpecified: (:String) [], RemoteException
    + FullyQualifiedErrorId : NativeCommandError
 
> Build error occurred
Error: Turbopack build failed with 1 errors:
./app/tools/text-to-speech/page.tsx:464:13
Parsing ecmascript source code failed
[0m [90m 462 |[39m           [33m<[39m[33m/[39m[33mdiv[39m[33m>[39m
 [90m 463 |[39m         
[33m<[39m[33m/[39m[33mmotion[39m[33m.[39mdiv[33m>[39m
[31m[1m>[22m[39m[90m 464 |[39m       
[33m<[39m[33m/[39m[33mdiv[39m[33m>[39m
 [90m     |[39m             [31m[1m^[22m[39m
[31m[1m>[22m[39m[90m 465 |[39m         
[33m<[39m[33m/[39m[33mdiv[39m[33m>[39m
 [90m     |[39m [31m[1m^[22m[39m[31m[1m^[22m[39m[31m[1m^[22m[39m
[31m[1m^[22m[39m[31m[1m^[22m[39m[31m[1m^[22m[39m[31m[1m^[22m[39m
[31m[1m^[22m[39m[31m[1m^[22m[39m
 [90m 466 |[39m     [33m<[39m[33m/[39m[33mmain[39m[33m>[39m
 [90m 467 |[39m     [33m<[39m[33mFooter[39m [33m/[39m[33m>[39m
 [90m 468 |[39m     [33m<[39m[33m/[39m[33m>[39m[0m

Expected '</', got 'jsx text'

Import trace:
  App Route:
    ./app/tools/text-to-speech/page.tsx
    ./app/api/pdf/route.ts


    at <unknown> (./app/tools/text-to-speech/page.tsx:464:13)
