--- Page 1 ---
Test PDF Content
